node.exe : FAIL tests/unit/
services/airtable.service.s
pec.ts
위치 줄:1 문자:1
+ & "C:\Program Files\nodej
s/node.exe" "C:\Program Fil
es\nodejs/node_mo ...
+ ~~~~~~~~~~~~~~~~~~~~~~~~~
~~~~~~~~~~~~~~~~~~~~~~~~~~~
~~~~~~~~~~~~~~~~~
    + CategoryInfo         
     : NotSpecified: (FAI  
  L tests/unit...service   
 .spec.ts:String) [], R    
emoteException
    + FullyQualifiedErrorI 
   d : NativeCommandError
 
  ??Test suite failed to ru
n

    [96mtests/unit/service
s/airtable.service.spec.ts
[0m:[93m3[0m:[93m10[0m 
- [91merror[0m[90m TS613
3: [0m'Order' is declared 
but its value is never read
.

    [7m3[0m import { Orde
r, OrderStatus } from '@/ty
pes/airtable';
    [7m [0m [91m        
 ~~~~~[0m

Test Suites: 1 failed, 1 to
tal
Tests:       0 total
Snapshots:   0 total
Time:        1.204 s
Ran all test suites matchin
g /tests\\unit\\services\\a
irtable.service.spec.ts/i.
